<html>
<body>
<pre>
<h1>µVision Build Log</h1>
<h2>Tool Versions:</h2>
IDE-Version: µVision V5.36.0.0
Copyright (C) 2021 ARM Ltd and ARM Germany GmbH. All rights reserved.
License Information: a a, a, LIC=14HV2-9622U-2ZXW4-FFSCH-35TI4-CATSP
 
Tool Versions:
Toolchain:       MDK-ARM Plus  Version: 5.36.0.0
Toolchain Path:  C:\Keil_v5\ARM\ARMCC\Bin
C Compiler:      Armcc.exe V5.06 update 7 (build 960)
Assembler:       Armasm.exe V5.06 update 7 (build 960)
Linker/Locator:  ArmLink.exe V5.06 update 7 (build 960)
Library Manager: ArmAr.exe V5.06 update 7 (build 960)
Hex Converter:   FromElf.exe V5.06 update 7 (build 960)
CPU DLL:         SARMCM3.DLL V5.36.0.0
Dialog DLL:      DARMCM1.DLL V1.19.4.0
Target DLL:      STLink\ST-LINKIII-KEIL_SWO.dll V3.0.9.0
Dialog DLL:      TARMCM1.DLL V1.14.4.0
 
<h2>Project:</h2>
D:\Desktop\DHT11\STM32F030\main\MDK-ARM\main.uvprojx
Project File Date:  06/10/2025

<h2>Output:</h2>
*** Using Compiler 'V5.06 update 7 (build 960)', folder: 'C:\Keil_v5\ARM\ARMCC\Bin'
Rebuild target 'main'
assembling startup_stm32f030x8.s...
compiling delay_timer.c...
compiling i2c-lcd.c...
compiling DHT.c...
..\Core\DHT\DHT.c(33): warning:  #188-D: enumerated type mixed with another type
  	HAL_GPIO_WritePin(DHT->PORT, DHT->Pin, Value);
..\Core\DHT\DHT.c: 1 warning, 0 errors
compiling stm32f0xx_it.c...
compiling stm32f0xx_hal_msp.c...
compiling main.c...
../Core/Src/main.c(123): warning:  #68-D: integer conversion resulted in a change of sign
  		else Response = -1; // 255
../Core/Src/main.c: 1 warning, 0 errors
compiling stm32f0xx_hal_i2c_ex.c...
compiling stm32f0xx_hal_rcc.c...
compiling stm32f0xx_hal_rcc_ex.c...
compiling stm32f0xx_hal.c...
compiling stm32f0xx_hal_i2c.c...
compiling stm32f0xx_hal_gpio.c...
compiling stm32f0xx_hal_cortex.c...
compiling stm32f0xx_hal_dma.c...
compiling stm32f0xx_hal_pwr.c...
compiling stm32f0xx_hal_pwr_ex.c...
compiling stm32f0xx_hal_flash.c...
compiling stm32f0xx_hal_flash_ex.c...
compiling stm32f0xx_hal_exti.c...
compiling system_stm32f0xx.c...
compiling stm32f0xx_hal_tim_ex.c...
compiling stm32f0xx_hal_tim.c...
linking...
Program Size: Code=11904 RO-data=456 RW-data=72 ZI-data=1992  
FromELF: creating hex file...
"main\main.axf" - 0 Error(s), 2 Warning(s).

<h2>Software Packages used:</h2>

Package Vendor: ARM
                http://www.keil.com/pack/ARM.CMSIS.5.8.0.pack
                ARM.CMSIS.5.8.0
                CMSIS (Common Microcontroller Software Interface Standard)
   * Component: CORE Version: 5.5.0

Package Vendor: Keil
                https://www.keil.com/pack/Keil.STM32F0xx_DFP.3.0.0.pack
                Keil.STM32F0xx_DFP.3.0.0
                STMicroelectronics STM32F0 Series Device Support

<h2>Collection of Component include folders:</h2>
  .\RTE\_main
  C:\Users\THANH\AppData\Local\Arm\Packs\ARM\CMSIS\5.8.0\CMSIS\Core\Include

<h2>Collection of Component Files used:</h2>

   * Component: ARM::CMSIS:CORE:5.5.0
      Include file:  CMSIS\Core\Include\tz_context.h
Build Time Elapsed:  00:00:09
</pre>
</body>
</html>
